2026-08-30 10:38:04,056 INFO     httpx2 :: HTTP Request: POST https://aizex.top/v1/chat/completions "HTTP/1.1 200 OK"
2026-08-30 10:38:04,076 INFO     agents.supervisor :: [pilot-T1_single_full_comfortable] routing -> flight | reasoning=The user has provided all necessary details for flight search, so we should start by finding flight options.
2026-08-30 10:38:04,078 INFO     agents.flight_agent :: [pilot-T1_single_full_comfortable] flight: New York->['Paris'] x1 found 3 offer(s)
2026-08-30 10:38:08,194 INFO     httpx2 :: HTTP Request: POST https://aizex.top/v1/chat/completions "HTTP/1.1 200 OK"
2026-08-30 10:38:08,198 INFO     agents.supervisor :: [pilot-T1_single_full_comfortable] routing -> hotel | reasoning=The user has requested a hotel search, and we already have all the necessary details to proceed with this task.
2026-08-30 10:38:08,199 INFO     agents.hotel_agent :: [pilot-T1_single_full_comfortable] hotel: ['Paris'] found 3 offer(s)
2026-08-30 10:38:10,428 INFO     httpx2 :: HTTP Request: POST https://aizex.top/v1/chat/completions "HTTP/1.1 200 OK"
2026-08-30 10:38:10,430 INFO     agents.supervisor :: [pilot-T1_single_full_comfortable] routing -> itinerary | reasoning=Flights and hotels have already been searched this turn, so the next step is to draft the day-by-day itinerary for the trip.
2026-08-30 10:38:17,130 INFO     httpx2 :: HTTP Request: POST https://aizex.top/v1/chat/completions "HTTP/1.1 200 OK"
2026-08-30 10:38:17,149 INFO     agents.itinerary_agent :: [pilot-T1_single_full_comfortable] itinerary: drafted (3382 chars)
2026-08-30 10:38:19,216 INFO     httpx2 :: HTTP Request: POST https://aizex.top/v1/chat/completions "HTTP/1.1 200 OK"
2026-08-30 10:38:19,220 WARNING  agents.supervisor :: [pilot-T1_single_full_comfortable] hop budget exhausted (6) - forcing responder
2026-08-30 10:38:19,220 INFO     agents.supervisor :: [pilot-T1_single_full_comfortable] routing -> responder | reasoning=The user has reiterated their trip details, which align with the known constraints. Since flights, hotels, and itinerary have already been addressed, the next step is to gather local information for Paris.
2026-08-30 10:38:19,221 INFO     agents.responder :: [pilot-T1_single_full_comfortable] responder: composing final answer
2026-08-30 10:38:25,569 INFO     httpx2 :: HTTP Request: POST https://aizex.top/v1/chat/completions "HTTP/1.1 200 OK"
2026-08-30 10:38:27,874 INFO     httpx2 :: HTTP Request: POST https://aizex.top/v1/chat/completions "HTTP/1.1 200 OK"
2026-08-30 10:38:27,877 INFO     agents.supervisor :: [pilot-T2_single_full_overbudget] routing -> flight | reasoning=The user has provided all necessary details for a flight search, so the flight specialist should be consulted first to find flight options.
2026-08-30 10:38:27,878 INFO     agents.flight_agent :: [pilot-T2_single_full_overbudget] flight: Chicago->['Tokyo'] x2 found 3 offer(s)
2026-08-30 10:38:30,591 INFO     httpx2 :: HTTP Request: POST https://aizex.top/v1/chat/completions "HTTP/1.1 200 OK"
2026-08-30 10:38:30,595 INFO     agents.supervisor :: [pilot-T2_single_full_overbudget] routing -> hotel | reasoning=The user has already requested flights, and the next step is to find hotel options to complete the trip planning and assess the budget.
2026-08-30 10:38:30,596 INFO     agents.hotel_agent :: [pilot-T2_single_full_overbudget] hotel: ['Tokyo'] found 3 offer(s)
2026-08-30 10:38:32,897 INFO     httpx2 :: HTTP Request: POST https://aizex.top/v1/chat/completions "HTTP/1.1 200 OK"
2026-08-30 10:38:32,899 INFO     agents.supervisor :: [pilot-T2_single_full_overbudget] routing -> budget | reasoning=Flight and hotel options have been gathered, so the next step is to calculate the total cost and compare it to the budget.
2026-08-30 10:38:32,900 INFO     agents.budget_agent :: [pilot-T2_single_full_overbudget] budget: total=1917 over_budget=True
2026-08-30 10:38:34,931 INFO     httpx2 :: HTTP Request: POST https://aizex.top/v1/chat/completions "HTTP/1.1 200 OK"
2026-08-30 10:38:34,935 WARNING  agents.supervisor :: [pilot-T2_single_full_overbudget] hop budget exhausted (6) - forcing responder
2026-08-30 10:38:34,935 INFO     agents.supervisor :: [pilot-T2_single_full_overbudget] routing -> responder | reasoning=The user has reiterated their request, but all necessary information has already been gathered and the relevant specialists have been consulted. It's time to respond with the findings.
2026-08-30 10:38:34,936 INFO     agents.responder :: [pilot-T2_single_full_overbudget] responder: composing final answer
2026-08-30 10:38:38,268 INFO     httpx2 :: HTTP Request: POST https://aizex.top/v1/chat/completions "HTTP/1.1 200 OK"
2026-08-30 10:38:40,174 INFO     httpx2 :: HTTP Request: POST https://aizex.top/v1/chat/completions "HTTP/1.1 200 OK"
2026-08-30 10:38:40,178 INFO     agents.supervisor :: [pilot-T3_multi_full_comfortable] routing -> itinerary | reasoning=The user has provided all necessary details for planning the itinerary, including destinations, dates, and budget. Starting with the itinerary specialist to draft the visiting order and day-by-day plan is logical.
2026-08-30 10:38:52,033 INFO     httpx2 :: HTTP Request: POST https://aizex.top/v1/chat/completions "HTTP/1.1 200 OK"
2026-08-30 10:38:52,036 INFO     agents.itinerary_agent :: [pilot-T3_multi_full_comfortable] itinerary: drafted (4175 chars)
2026-08-30 10:38:54,330 INFO     httpx2 :: HTTP Request: POST https://aizex.top/v1/chat/completions "HTTP/1.1 200 OK"
2026-08-30 10:38:54,331 INFO     agents.supervisor :: [pilot-T3_multi_full_comfortable] routing -> flight | reasoning=The user has requested a multi-city trip plan including flights, hotels, weather, and itinerary. Since flights are a key component of the trip and the required details are known, the flight specialist should act next to provide flight options.
2026-08-30 10:38:54,332 INFO     agents.flight_agent :: [pilot-T3_multi_full_comfortable] flight: London->['Paris', 'Rome', 'Barcelona'] x1 found 9 offer(s)
2026-08-30 10:38:56,490 INFO     httpx2 :: HTTP Request: POST https://aizex.top/v1/chat/completions "HTTP/1.1 200 OK"
2026-08-30 10:38:56,494 INFO     agents.supervisor :: [pilot-T3_multi_full_comfortable] routing -> hotel | reasoning=The next step is to find hotel options for the specified destinations and dates, as flights have already been searched.
2026-08-30 10:38:56,495 INFO     agents.hotel_agent :: [pilot-T3_multi_full_comfortable] hotel: ['Paris', 'Rome', 'Barcelona'] found 9 offer(s)
2026-08-30 10:38:59,058 INFO     httpx2 :: HTTP Request: POST https://aizex.top/v1/chat/completions "HTTP/1.1 200 OK"
2026-08-30 10:38:59,061 WARNING  agents.supervisor :: [pilot-T3_multi_full_comfortable] hop budget exhausted (6) - forcing responder
2026-08-30 10:38:59,062 INFO     agents.supervisor :: [pilot-T3_multi_full_comfortable] routing -> responder | reasoning=The user has requested weather information for the destinations, which has not been gathered yet.
2026-08-30 10:38:59,063 INFO     agents.responder :: [pilot-T3_multi_full_comfortable] responder: composing final answer
2026-08-30 10:39:07,979 INFO     httpx2 :: HTTP Request: POST https://aizex.top/v1/chat/completions "HTTP/1.1 200 OK"
2026-08-30 10:39:09,965 INFO     httpx2 :: HTTP Request: POST https://aizex.top/v1/chat/completions "HTTP/1.1 200 OK"
2026-08-30 10:39:09,969 INFO     agents.supervisor :: [pilot-T4_single_slotfill] routing -> responder | reasoning=The user has mentioned a destination but no specific dates or other details. The responder should ask for more information to proceed.
2026-08-30 10:39:09,970 INFO     agents.responder :: [pilot-T4_single_slotfill] responder: composing final answer
2026-08-30 10:39:12,518 INFO     httpx2 :: HTTP Request: POST https://aizex.top/v1/chat/completions "HTTP/1.1 200 OK"
2026-08-30 10:39:14,475 INFO     httpx2 :: HTTP Request: POST https://aizex.top/v1/chat/completions "HTTP/1.1 200 OK"
2026-08-30 10:39:14,479 INFO     agents.supervisor :: [pilot-T4_single_slotfill] routing -> flight | reasoning=The user has provided all necessary details for a flight search, so the next step is to find flight options for their trip.
2026-08-30 10:39:14,480 INFO     agents.flight_agent :: [pilot-T4_single_slotfill] flight: Singapore->['Bangkok'] x1 found 3 offer(s)
2026-08-30 10:39:16,553 INFO     httpx2 :: HTTP Request: POST https://aizex.top/v1/chat/completions "HTTP/1.1 200 OK"
2026-08-30 10:39:16,557 INFO     agents.supervisor :: [pilot-T4_single_slotfill] routing -> hotel | reasoning=The user has provided all necessary details for the trip, and since flight information has already been gathered, the next step is to find suitable hotel options in Bangkok for the specified dates.
2026-08-30 10:39:16,558 INFO     agents.hotel_agent :: [pilot-T4_single_slotfill] hotel: ['Bangkok'] found 3 offer(s)
2026-08-30 10:39:18,630 INFO     httpx2 :: HTTP Request: POST https://aizex.top/v1/chat/completions "HTTP/1.1 200 OK"
2026-08-30 10:39:18,633 INFO     agents.supervisor :: [pilot-T4_single_slotfill] routing -> local_info | reasoning=The user has provided all the necessary details for the trip. Since flights and hotels have already been searched, the next step is to gather local information such as weather and visa requirements for Bangkok.
2026-08-30 10:39:20,547 INFO     agents.local_info_agent :: [pilot-T4_single_slotfill] local_info: looked up 1 destination(s)
2026-08-30 10:39:26,032 INFO     httpx2 :: HTTP Request: POST https://aizex.top/v1/chat/completions "HTTP/1.1 200 OK"
2026-08-30 10:39:26,036 WARNING  agents.supervisor :: [pilot-T4_single_slotfill] hop budget exhausted (6) - forcing responder
2026-08-30 10:39:26,036 INFO     agents.supervisor :: [pilot-T4_single_slotfill] routing -> responder | reasoning=The user has provided all necessary details for the trip, and the next step is to create a day-by-day itinerary for their trip to Bangkok.
2026-08-30 10:39:26,037 INFO     agents.responder :: [pilot-T4_single_slotfill] responder: composing final answer
2026-08-30 10:39:31,556 INFO     httpx2 :: HTTP Request: POST https://aizex.top/v1/chat/completions "HTTP/1.1 200 OK"
2026-08-30 10:39:33,563 INFO     httpx2 :: HTTP Request: POST https://aizex.top/v1/chat/completions "HTTP/1.1 200 OK"
2026-08-30 10:39:33,565 INFO     agents.supervisor :: [pilot-T5_multi_slotfill_tight] routing -> responder | reasoning=The user has mentioned a general interest in visiting Southeast Asia with their partner, but no specific details about destinations, dates, or other constraints have been provided yet. The responder should ask for more details to proceed.
2026-08-30 10:39:33,566 INFO     agents.responder :: [pilot-T5_multi_slotfill_tight] responder: composing final answer
2026-08-30 10:39:36,521 INFO     httpx2 :: HTTP Request: POST https://aizex.top/v1/chat/completions "HTTP/1.1 200 OK"
2026-08-30 10:39:38,466 INFO     httpx2 :: HTTP Request: POST https://aizex.top/v1/chat/completions "HTTP/1.1 200 OK"
2026-08-30 10:39:38,469 INFO     agents.supervisor :: [pilot-T5_multi_slotfill_tight] routing -> flight | reasoning=The user has provided all necessary details for flight searches, including origin, destinations, dates, and number of travelers. The next step is to find flight options.
2026-08-30 10:39:38,470 INFO     agents.flight_agent :: [pilot-T5_multi_slotfill_tight] flight: Mumbai->['Kuala Lumpur', 'Bangkok', 'Singapore'] x2 found 9 offer(s)
2026-08-30 10:39:40,372 INFO     httpx2 :: HTTP Request: POST https://aizex.top/v1/chat/completions "HTTP/1.1 200 OK"
2026-08-30 10:39:40,376 INFO     agents.supervisor :: [pilot-T5_multi_slotfill_tight] routing -> hotel | reasoning=The user has provided all necessary details for the trip, and since flights have already been searched, the next step is to search for hotel accommodations in the specified destinations.
2026-08-30 10:39:40,377 INFO     agents.hotel_agent :: [pilot-T5_multi_slotfill_tight] hotel: ['Kuala Lumpur', 'Bangkok', 'Singapore'] found 9 offer(s)
2026-08-30 10:39:42,376 INFO     httpx2 :: HTTP Request: POST https://aizex.top/v1/chat/completions "HTTP/1.1 200 OK"
2026-08-30 10:39:42,380 INFO     agents.supervisor :: [pilot-T5_multi_slotfill_tight] routing -> local_info | reasoning=The user has provided all necessary trip details, and we have already gathered flight and hotel information. The next step is to gather local information such as weather and visa requirements for the destinations.
2026-08-30 10:39:44,139 WARNING  tools.weather_tools :: Forecast request failed for 'Kuala Lumpur': 400 Client Error: Bad Request for url: https://api.open-meteo.com/v1/forecast?latitude=3.1412&longitude=101.68653&daily=temperature_2m_max%2Ctemperature_2m_min%2Cprecipitation_probability_max%2Cweathercode&timezone=auto&start_date=2026-09-12&end_date=2026-09-19
2026-08-30 10:39:45,798 WARNING  tools.weather_tools :: Forecast request failed for 'Bangkok': 400 Client Error: Bad Request for url: https://api.open-meteo.com/v1/forecast?latitude=13.75398&longitude=100.50144&daily=temperature_2m_max%2Ctemperature_2m_min%2Cprecipitation_probability_max%2Cweathercode&timezone=auto&start_date=2026-09-12&end_date=2026-09-19
2026-08-30 10:39:47,597 WARNING  tools.weather_tools :: Forecast request failed for 'Singapore': 400 Client Error: Bad Request for url: https://api.open-meteo.com/v1/forecast?latitude=1.28967&longitude=103.85007&daily=temperature_2m_max%2Ctemperature_2m_min%2Cprecipitation_probability_max%2Cweathercode&timezone=auto&start_date=2026-09-12&end_date=2026-09-19
2026-08-30 10:39:47,598 INFO     agents.local_info_agent :: [pilot-T5_multi_slotfill_tight] local_info: looked up 3 destination(s)
2026-08-30 10:39:49,761 INFO     httpx2 :: HTTP Request: POST https://aizex.top/v1/chat/completions "HTTP/1.1 200 OK"
2026-08-30 10:39:49,765 WARNING  agents.supervisor :: [pilot-T5_multi_slotfill_tight] hop budget exhausted (6) - forcing responder
2026-08-30 10:39:49,765 INFO     agents.supervisor :: [pilot-T5_multi_slotfill_tight] routing -> responder | reasoning=The user has provided all necessary details for the trip, and the next step is to draft a day-by-day itinerary for the specified destinations and dates.
2026-08-30 10:39:49,766 INFO     agents.responder :: [pilot-T5_multi_slotfill_tight] responder: composing final answer
2026-08-30 10:39:54,262 INFO     httpx2 :: HTTP Request: POST https://aizex.top/v1/chat/completions "HTTP/1.1 200 OK"
2026-08-30 10:39:56,023 INFO     httpx2 :: HTTP Request: POST https://aizex.top/v1/chat/completions "HTTP/1.1 200 OK"
2026-08-30 10:39:56,029 INFO     agents.supervisor :: [pilot-T6_rag_grounded] routing -> rag | reasoning=The user is asking for technical specifications of a hardware product, which falls under general knowledge.
2026-08-30 10:39:56,030 INFO     agents.rag_agent :: [pilot-T6_rag_grounded] rag: querying knowledge base
2026-08-30 10:39:57,134 INFO     httpx2 :: HTTP Request: POST https://aizex.top/v1/embeddings "HTTP/1.1 200 OK"
2026-08-30 10:40:00,066 INFO     httpx2 :: HTTP Request: POST https://aizex.top/v1/chat/completions "HTTP/1.1 200 OK"
2026-08-30 10:40:02,488 INFO     httpx2 :: HTTP Request: POST https://aizex.top/v1/chat/completions "HTTP/1.1 200 OK"
2026-08-30 10:40:02,492 INFO     agents.supervisor :: [pilot-T6_rag_grounded] routing -> rag | reasoning=The user is asking for technical specifications of a product, which falls under the domain of general knowledge.
2026-08-30 10:40:02,493 INFO     agents.rag_agent :: [pilot-T6_rag_grounded] rag: querying knowledge base
2026-08-30 10:40:03,410 INFO     httpx2 :: HTTP Request: POST https://aizex.top/v1/embeddings "HTTP/1.1 200 OK"
2026-08-30 10:40:05,977 INFO     httpx2 :: HTTP Request: POST https://aizex.top/v1/chat/completions "HTTP/1.1 200 OK"
2026-08-30 10:40:08,025 INFO     httpx2 :: HTTP Request: POST https://aizex.top/v1/chat/completions "HTTP/1.1 200 OK"
2026-08-30 10:40:08,029 INFO     agents.supervisor :: [pilot-T6_rag_grounded] routing -> rag | reasoning=The user is asking for technical specifications of a product, which falls under the expertise of the 'rag' specialist.
2026-08-30 10:40:08,030 INFO     agents.rag_agent :: [pilot-T6_rag_grounded] rag: querying knowledge base
2026-08-30 10:40:09,305 INFO     httpx2 :: HTTP Request: POST https://aizex.top/v1/embeddings "HTTP/1.1 200 OK"
2026-08-30 10:40:14,023 INFO     httpx2 :: HTTP Request: POST https://aizex.top/v1/chat/completions "HTTP/1.1 200 OK"
2026-08-30 10:40:15,665 INFO     httpx2 :: HTTP Request: POST https://aizex.top/v1/chat/completions "HTTP/1.1 200 OK"
2026-08-30 10:40:15,668 WARNING  agents.supervisor :: [pilot-T6_rag_grounded] hop budget exhausted (6) - forcing responder
2026-08-30 10:40:15,668 INFO     agents.supervisor :: [pilot-T6_rag_grounded] routing -> responder | reasoning=The user is asking for technical specifications of a hardware component, which falls under the domain of general knowledge.
2026-08-30 10:40:15,669 INFO     agents.responder :: [pilot-T6_rag_grounded] responder: composing final answer
2026-08-30 10:40:17,037 INFO     httpx2 :: HTTP Request: POST https://aizex.top/v1/chat/completions "HTTP/1.1 200 OK"
2026-08-30 10:40:20,614 INFO     httpx2 :: HTTP Request: POST https://aizex.top/v1/chat/completions "HTTP/1.1 200 OK"
2026-08-30 10:40:20,618 INFO     agents.supervisor :: [pilot-T7_rag_ungrounded] routing -> rag | reasoning=The user's question is about a product's retail price, which is unrelated to travel planning. The RAG specialist is best suited to address this query.
2026-08-30 10:40:20,619 INFO     agents.rag_agent :: [pilot-T7_rag_ungrounded] rag: querying knowledge base
2026-08-30 10:40:21,414 INFO     httpx2 :: HTTP Request: POST https://aizex.top/v1/embeddings "HTTP/1.1 200 OK"
2026-08-30 10:40:23,869 INFO     httpx2 :: HTTP Request: POST https://aizex.top/v1/chat/completions "HTTP/1.1 200 OK"
2026-08-30 10:40:25,759 INFO     httpx2 :: HTTP Request: POST https://aizex.top/v1/chat/completions "HTTP/1.1 200 OK"
2026-08-30 10:40:25,763 INFO     agents.supervisor :: [pilot-T7_rag_ungrounded] routing -> rag | reasoning=The user is asking for product pricing information unrelated to a specific trip, which falls under the expertise of the 'rag' specialist.
2026-08-30 10:40:25,764 INFO     agents.rag_agent :: [pilot-T7_rag_ungrounded] rag: querying knowledge base
2026-08-30 10:40:26,778 INFO     httpx2 :: HTTP Request: POST https://aizex.top/v1/embeddings "HTTP/1.1 200 OK"
2026-08-30 10:40:29,017 INFO     httpx2 :: HTTP Request: POST https://aizex.top/v1/chat/completions "HTTP/1.1 200 OK"
2026-08-30 10:40:30,957 INFO     httpx2 :: HTTP Request: POST https://aizex.top/v1/chat/completions "HTTP/1.1 200 OK"
2026-08-30 10:40:30,960 INFO     agents.supervisor :: [pilot-T7_rag_ungrounded] routing -> rag | reasoning=The user is asking about a product's retail price, which is unrelated to the trip planning context. The 'rag' specialist is best suited to handle general product-related queries.
2026-08-30 10:40:30,961 INFO     agents.rag_agent :: [pilot-T7_rag_ungrounded] rag: querying knowledge base
2026-08-30 10:40:31,710 INFO     httpx2 :: HTTP Request: POST https://aizex.top/v1/embeddings "HTTP/1.1 200 OK"
2026-08-30 10:40:33,830 INFO     httpx2 :: HTTP Request: POST https://aizex.top/v1/chat/completions "HTTP/1.1 200 OK"
2026-08-30 10:40:36,044 INFO     httpx2 :: HTTP Request: POST https://aizex.top/v1/chat/completions "HTTP/1.1 200 OK"
2026-08-30 10:40:36,047 WARNING  agents.supervisor :: [pilot-T7_rag_ungrounded] hop budget exhausted (6) - forcing responder
2026-08-30 10:40:36,047 INFO     agents.supervisor :: [pilot-T7_rag_ungrounded] routing -> responder | reasoning=The user is asking for a product's retail price, which is unrelated to the trip planning context. The RAG specialist is best suited to provide this information.
2026-08-30 10:40:36,048 INFO     agents.responder :: [pilot-T7_rag_ungrounded] responder: composing final answer
2026-08-30 10:40:37,646 INFO     httpx2 :: HTTP Request: POST https://aizex.top/v1/chat/completions "HTTP/1.1 200 OK"
2026-08-30 10:40:39,351 INFO     httpx2 :: HTTP Request: POST https://aizex.top/v1/chat/completions "HTTP/1.1 200 OK"
2026-08-30 10:40:39,355 INFO     agents.supervisor :: [pilot-T8_domain_mix] routing -> rag | reasoning=The user's question is about a specific product's specifications, which falls under the expertise of the 'rag' specialist.
2026-08-30 10:40:39,356 INFO     agents.rag_agent :: [pilot-T8_domain_mix] rag: querying knowledge base
2026-08-30 10:40:40,354 INFO     httpx2 :: HTTP Request: POST https://aizex.top/v1/embeddings "HTTP/1.1 200 OK"
2026-08-30 10:40:43,385 INFO     httpx2 :: HTTP Request: POST https://aizex.top/v1/chat/completions "HTTP/1.1 200 OK"
2026-08-30 10:40:45,480 INFO     httpx2 :: HTTP Request: POST https://aizex.top/v1/chat/completions "HTTP/1.1 200 OK"
2026-08-30 10:40:45,482 INFO     agents.supervisor :: [pilot-T8_domain_mix] routing -> rag | reasoning=The user's question is about a specific product's specifications, which falls under the expertise of the 'rag' specialist.
2026-08-30 10:40:45,483 INFO     agents.rag_agent :: [pilot-T8_domain_mix] rag: querying knowledge base
2026-08-30 10:40:46,425 INFO     httpx2 :: HTTP Request: POST https://aizex.top/v1/embeddings "HTTP/1.1 200 OK"
2026-08-30 10:40:48,388 INFO     httpx2 :: HTTP Request: POST https://aizex.top/v1/chat/completions "HTTP/1.1 200 OK"
2026-08-30 10:40:51,502 INFO     httpx2 :: HTTP Request: POST https://aizex.top/v1/chat/completions "HTTP/1.1 200 OK"
2026-08-30 10:40:51,506 INFO     agents.supervisor :: [pilot-T8_domain_mix] routing -> rag | reasoning=The user's question is about a specific product specification and not related to the trip planning process, so the 'rag' specialist is appropriate to provide the information.
2026-08-30 10:40:51,507 INFO     agents.rag_agent :: [pilot-T8_domain_mix] rag: querying knowledge base
2026-08-30 10:40:52,294 INFO     httpx2 :: HTTP Request: POST https://aizex.top/v1/embeddings "HTTP/1.1 200 OK"
2026-08-30 10:40:54,617 INFO     httpx2 :: HTTP Request: POST https://aizex.top/v1/chat/completions "HTTP/1.1 200 OK"
2026-08-30 10:40:56,665 INFO     httpx2 :: HTTP Request: POST https://aizex.top/v1/chat/completions "HTTP/1.1 200 OK"
2026-08-30 10:40:56,669 WARNING  agents.supervisor :: [pilot-T8_domain_mix] hop budget exhausted (6) - forcing responder
2026-08-30 10:40:56,669 INFO     agents.supervisor :: [pilot-T8_domain_mix] routing -> responder | reasoning=The user is asking a general product-related question unrelated to a specific trip, so the 'rag' specialist is appropriate to provide the information.
2026-08-30 10:40:56,670 INFO     agents.responder :: [pilot-T8_domain_mix] responder: composing final answer
2026-08-30 10:40:57,856 INFO     httpx2 :: HTTP Request: POST https://aizex.top/v1/chat/completions "HTTP/1.1 200 OK"
2026-08-30 10:40:59,703 INFO     httpx2 :: HTTP Request: POST https://aizex.top/v1/chat/completions "HTTP/1.1 200 OK"
2026-08-30 10:40:59,707 INFO     agents.supervisor :: [pilot-T8_domain_mix] routing -> flight | reasoning=The user has provided all necessary details for a flight search, so the flight specialist should be consulted next.
2026-08-30 10:40:59,708 INFO     agents.flight_agent :: [pilot-T8_domain_mix] flight: Boston->['Tokyo'] x1 found 3 offer(s)
2026-08-30 10:41:03,936 INFO     httpx2 :: HTTP Request: POST https://aizex.top/v1/chat/completions "HTTP/1.1 200 OK"
2026-08-30 10:41:03,940 INFO     agents.supervisor :: [pilot-T8_domain_mix] routing -> responder | reasoning=The user has already requested a flight search for the specified details, and the flight specialist has been consulted this turn. I will confirm the request is being processed.
2026-08-30 10:41:03,941 INFO     agents.responder :: [pilot-T8_domain_mix] responder: composing final answer
2026-08-30 10:41:07,087 INFO     httpx2 :: HTTP Request: POST https://aizex.top/v1/chat/completions "HTTP/1.1 200 OK"
2026-08-30 10:41:09,504 INFO     httpx2 :: HTTP Request: POST https://aizex.top/v1/chat/completions "HTTP/1.1 200 OK"
2026-08-30 10:41:09,509 INFO     agents.supervisor :: [pilot-T9_multi_stress_5city] routing -> itinerary | reasoning=The user has provided a detailed request for a multi-city trip with specific dates and destinations. The next step is to create a suggested order and itinerary for the trip.
2026-08-30 10:41:22,470 INFO     httpx2 :: HTTP Request: POST https://aizex.top/v1/chat/completions "HTTP/1.1 200 OK"
2026-08-30 10:41:22,473 INFO     agents.itinerary_agent :: [pilot-T9_multi_stress_5city] itinerary: drafted (4015 chars)
2026-08-30 10:41:24,802 INFO     httpx2 :: HTTP Request: POST https://aizex.top/v1/chat/completions "HTTP/1.1 200 OK"
2026-08-30 10:41:24,806 INFO     agents.supervisor :: [pilot-T9_multi_stress_5city] routing -> flight | reasoning=The user has requested flights for their trip, and all necessary details are provided to proceed with flight searches.
2026-08-30 10:41:24,808 INFO     agents.flight_agent :: [pilot-T9_multi_stress_5city] flight: Seoul->['Tokyo', 'Bangkok', 'Singapore', 'Kuala Lumpur', 'Bali'] x1 found 15 offer(s)
2026-08-30 10:41:27,035 INFO     httpx2 :: HTTP Request: POST https://aizex.top/v1/chat/completions "HTTP/1.1 200 OK"
2026-08-30 10:41:27,039 INFO     agents.supervisor :: [pilot-T9_multi_stress_5city] routing -> hotel | reasoning=The next step is to gather hotel options for the destinations, as flights have already been searched and the itinerary is being drafted.
2026-08-30 10:41:27,041 INFO     agents.hotel_agent :: [pilot-T9_multi_stress_5city] hotel: ['Tokyo', 'Bangkok', 'Singapore', 'Kuala Lumpur', 'Bali'] found 15 offer(s)
2026-08-30 10:41:29,229 INFO     httpx2 :: HTTP Request: POST https://aizex.top/v1/chat/completions "HTTP/1.1 200 OK"
2026-08-30 10:41:29,232 WARNING  agents.supervisor :: [pilot-T9_multi_stress_5city] hop budget exhausted (6) - forcing responder
2026-08-30 10:41:29,232 INFO     agents.supervisor :: [pilot-T9_multi_stress_5city] routing -> responder | reasoning=The user has requested weather information for each destination, which has not been gathered yet.
2026-08-30 10:41:29,233 INFO     agents.responder :: [pilot-T9_multi_stress_5city] responder: composing final answer
2026-08-30 10:41:39,232 INFO     httpx2 :: HTTP Request: POST https://aizex.top/v1/chat/completions "HTTP/1.1 200 OK"
2026-08-30 10:41:41,415 INFO     httpx2 :: HTTP Request: POST https://aizex.top/v1/chat/completions "HTTP/1.1 200 OK"
2026-08-30 10:41:41,418 INFO     agents.supervisor :: [pilot-T10_visa_city_phrasing] routing -> local_info | reasoning=The user asked about visa requirements for a US citizen traveling to Paris, which is a local information query.
2026-08-30 10:41:43,262 WARNING  tools.weather_tools :: Forecast request failed for 'Paris': 400 Client Error: Bad Request for url: https://api.open-meteo.com/v1/forecast?latitude=48.85341&longitude=2.3488&daily=temperature_2m_max%2Ctemperature_2m_min%2Cprecipitation_probability_max%2Cweathercode&timezone=auto&start_date=2026-09-10&end_date=2026-09-15
2026-08-30 10:41:43,265 INFO     agents.local_info_agent :: [pilot-T10_visa_city_phrasing] local_info: looked up 1 destination(s)
2026-08-30 10:41:45,258 INFO     httpx2 :: HTTP Request: POST https://aizex.top/v1/chat/completions "HTTP/1.1 200 OK"
2026-08-30 10:41:45,261 INFO     agents.supervisor :: [pilot-T10_visa_city_phrasing] routing -> flight | reasoning=The user has requested a flight search, and all necessary details for this are already known.
2026-08-30 10:41:45,262 INFO     agents.flight_agent :: [pilot-T10_visa_city_phrasing] flight: Boston->['Paris'] x1 found 3 offer(s)
2026-08-30 10:41:47,763 INFO     httpx2 :: HTTP Request: POST https://aizex.top/v1/chat/completions "HTTP/1.1 200 OK"
2026-08-30 10:41:47,767 INFO     agents.supervisor :: [pilot-T10_visa_city_phrasing] routing -> hotel | reasoning=The user has requested a hotel search, and the required details for this are already known.
2026-08-30 10:41:47,768 INFO     agents.hotel_agent :: [pilot-T10_visa_city_phrasing] hotel: ['Paris'] found 3 offer(s)
2026-08-30 10:41:49,652 INFO     httpx2 :: HTTP Request: POST https://aizex.top/v1/chat/completions "HTTP/1.1 200 OK"
2026-08-30 10:41:49,656 WARNING  agents.supervisor :: [pilot-T10_visa_city_phrasing] hop budget exhausted (6) - forcing responder
2026-08-30 10:41:49,656 INFO     agents.supervisor :: [pilot-T10_visa_city_phrasing] routing -> responder | reasoning=The user has already been provided with flight, hotel, and local information. The responder should now address the user's query.
2026-08-30 10:41:49,657 INFO     agents.responder :: [pilot-T10_visa_city_phrasing] responder: composing final answer
2026-08-30 10:41:54,793 INFO     httpx2 :: HTTP Request: POST https://aizex.top/v1/chat/completions "HTTP/1.1 200 OK"
2026-08-30 10:41:56,976 INFO     httpx2 :: HTTP Request: POST https://aizex.top/v1/chat/completions "HTTP/1.1 200 OK"
2026-08-30 10:41:56,980 INFO     agents.supervisor :: [pilot-T11_visa_iso_phrasing] routing -> local_info | reasoning=The user has provided all necessary details to check the visa requirements for their trip to China.
2026-08-30 10:41:57,737 INFO     tools.weather_tools :: No weather data for 'CN' (geocoding failed or unknown location)
2026-08-30 10:41:57,737 INFO     agents.local_info_agent :: [pilot-T11_visa_iso_phrasing] local_info: looked up 1 destination(s)
2026-08-30 10:42:00,057 INFO     httpx2 :: HTTP Request: POST https://aizex.top/v1/chat/completions "HTTP/1.1 200 OK"
2026-08-30 10:42:00,061 INFO     agents.supervisor :: [pilot-T11_visa_iso_phrasing] routing -> responder | reasoning=The user has already provided the visa requirement information, and no further specialist is needed to confirm this.
2026-08-30 10:42:00,062 INFO     agents.responder :: [pilot-T11_visa_iso_phrasing] responder: composing final answer
2026-08-30 10:42:02,713 INFO     httpx2 :: HTTP Request: POST https://aizex.top/v1/chat/completions "HTTP/1.1 200 OK"
2026-08-30 10:42:04,556 INFO     httpx2 :: HTTP Request: POST https://aizex.top/v1/chat/completions "HTTP/1.1 200 OK"
2026-08-30 10:42:04,560 INFO     agents.supervisor :: [pilot-T12_weather_horizon_exceeded] routing -> local_info | reasoning=The user asked about the weather in Reykjavik, which requires consulting the local_info specialist.
2026-08-30 10:42:06,223 INFO     agents.local_info_agent :: [pilot-T12_weather_horizon_exceeded] local_info: looked up 1 destination(s)
2026-08-30 10:42:08,339 INFO     httpx2 :: HTTP Request: POST https://aizex.top/v1/chat/completions "HTTP/1.1 200 OK"
2026-08-30 10:42:08,343 INFO     agents.supervisor :: [pilot-T12_weather_horizon_exceeded] routing -> flight | reasoning=The user has requested flight and hotel options, and the weather information has already been provided. Starting with flight search as it is the first step in planning.
2026-08-30 10:42:08,344 INFO     agents.flight_agent :: [pilot-T12_weather_horizon_exceeded] flight: Boston->['Reykjavik'] x1 found 3 offer(s)
2026-08-30 10:42:10,299 INFO     httpx2 :: HTTP Request: POST https://aizex.top/v1/chat/completions "HTTP/1.1 200 OK"
2026-08-30 10:42:10,304 INFO     agents.supervisor :: [pilot-T12_weather_horizon_exceeded] routing -> hotel | reasoning=The user has requested hotel options, and we already have the necessary details to proceed with a hotel search.
2026-08-30 10:42:10,306 INFO     agents.hotel_agent :: [pilot-T12_weather_horizon_exceeded] hotel: ['Reykjavik'] found 3 offer(s)
2026-08-30 10:42:12,574 INFO     httpx2 :: HTTP Request: POST https://aizex.top/v1/chat/completions "HTTP/1.1 200 OK"
2026-08-30 10:42:12,579 WARNING  agents.supervisor :: [pilot-T12_weather_horizon_exceeded] hop budget exhausted (6) - forcing responder
2026-08-30 10:42:12,579 INFO     agents.supervisor :: [pilot-T12_weather_horizon_exceeded] routing -> responder | reasoning=The user has reiterated their request, but all requested information has already been gathered. The responder should now provide the compiled information.
2026-08-30 10:42:12,580 INFO     agents.responder :: [pilot-T12_weather_horizon_exceeded] responder: composing final answer
2026-08-30 10:42:17,136 INFO     httpx2 :: HTTP Request: POST https://aizex.top/v1/chat/completions "HTTP/1.1 200 OK"
2026-08-30 10:42:19,161 INFO     httpx2 :: HTTP Request: POST https://aizex.top/v1/chat/completions "HTTP/1.1 200 OK"
2026-08-30 10:42:19,164 INFO     agents.supervisor :: [pilot-T13_contradiction_correction] routing -> flight | reasoning=The user provided all necessary details for a flight search, so the flight specialist should be consulted next.
2026-08-30 10:42:19,165 INFO     agents.flight_agent :: [pilot-T13_contradiction_correction] flight: Boston->['Paris'] x1 found 3 offer(s)
2026-08-30 10:42:21,659 INFO     httpx2 :: HTTP Request: POST https://aizex.top/v1/chat/completions "HTTP/1.1 200 OK"
2026-08-30 10:42:21,663 INFO     agents.supervisor :: [pilot-T13_contradiction_correction] routing -> hotel | reasoning=The flight information has already been processed, so the next step is to find hotel options in Paris for the specified dates.
2026-08-30 10:42:21,664 INFO     agents.hotel_agent :: [pilot-T13_contradiction_correction] hotel: Missing destination and/or check-in/check-out dates - cannot search hotels yet.
2026-08-30 10:42:24,266 INFO     httpx2 :: HTTP Request: POST https://aizex.top/v1/chat/completions "HTTP/1.1 200 OK"
2026-08-30 10:42:24,271 INFO     agents.supervisor :: [pilot-T13_contradiction_correction] routing -> hotel | reasoning=The user has reiterated their trip details, which align with the known constraints. Since flights have already been searched, the next step is to search for hotels in Paris for the specified dates.
2026-08-30 10:42:24,272 INFO     agents.hotel_agent :: [pilot-T13_contradiction_correction] hotel: Missing destination and/or check-in/check-out dates - cannot search hotels yet.
2026-08-30 10:42:26,666 INFO     httpx2 :: HTTP Request: POST https://aizex.top/v1/chat/completions "HTTP/1.1 200 OK"
2026-08-30 10:42:26,671 WARNING  agents.supervisor :: [pilot-T13_contradiction_correction] hop budget exhausted (6) - forcing responder
2026-08-30 10:42:26,671 INFO     agents.supervisor :: [pilot-T13_contradiction_correction] routing -> responder | reasoning=The user has reiterated their trip details, which align with the known constraints. Since flight information has already been gathered, the next step is to find hotel options in Paris for the specified dates.
2026-08-30 10:42:26,672 INFO     agents.responder :: [pilot-T13_contradiction_correction] responder: composing final answer
2026-08-30 10:42:29,348 INFO     httpx2 :: HTTP Request: POST https://aizex.top/v1/chat/completions "HTTP/1.1 200 OK"
2026-08-30 10:42:31,179 INFO     httpx2 :: HTTP Request: POST https://aizex.top/v1/chat/completions "HTTP/1.1 200 OK"
2026-08-30 10:42:31,182 INFO     agents.supervisor :: [pilot-T13_contradiction_correction] routing -> flight | reasoning=The user has updated the destination to Rome and the start date to 2026-09-10. We now need to search for flights to Rome on the new date.
2026-08-30 10:42:31,183 INFO     agents.flight_agent :: [pilot-T13_contradiction_correction] flight: Boston->['Rome'] x1 found 3 offer(s)
2026-08-30 10:42:33,842 INFO     httpx2 :: HTTP Request: POST https://aizex.top/v1/chat/completions "HTTP/1.1 200 OK"
2026-08-30 10:42:33,846 INFO     agents.supervisor :: [pilot-T13_contradiction_correction] routing -> flight | reasoning=The user has updated their travel details, specifying a new destination and date for their flight. I will consult the flight specialist to find options for this updated request.
2026-08-30 10:42:33,847 INFO     agents.flight_agent :: [pilot-T13_contradiction_correction] flight: Boston->['Rome'] x1 found 3 offer(s)
2026-08-30 10:42:37,816 INFO     httpx2 :: HTTP Request: POST https://aizex.top/v1/chat/completions "HTTP/1.1 200 OK"
2026-08-30 10:42:37,820 INFO     agents.supervisor :: [pilot-T13_contradiction_correction] routing -> flight | reasoning=The user has updated the destination and date for their flight. We should now search for flights from Boston to Rome on the new date.
2026-08-30 10:42:37,821 INFO     agents.flight_agent :: [pilot-T13_contradiction_correction] flight: Boston->['Rome'] x1 found 3 offer(s)
2026-08-30 10:42:40,367 INFO     httpx2 :: HTTP Request: POST https://aizex.top/v1/chat/completions "HTTP/1.1 200 OK"
2026-08-30 10:42:40,371 WARNING  agents.supervisor :: [pilot-T13_contradiction_correction] hop budget exhausted (6) - forcing responder
2026-08-30 10:42:40,371 INFO     agents.supervisor :: [pilot-T13_contradiction_correction] routing -> responder | reasoning=The user has updated the destination and date for their flight. We should consult the flight specialist to find options for the new details.
2026-08-30 10:42:40,372 INFO     agents.responder :: [pilot-T13_contradiction_correction] responder: composing final answer
2026-08-30 10:42:43,289 INFO     httpx2 :: HTTP Request: POST https://aizex.top/v1/chat/completions "HTTP/1.1 200 OK"

=== condition: tiered ===

9/13 passed
  [FAIL] T1_single_full_comfortable       hops= 7 elapsed= 25.10s
           - local_info_results empty
           - budget_summary missing
  [PASS] T2_single_full_overbudget        hops= 7 elapsed= 12.68s
  [PASS] T3_multi_full_comfortable        hops= 7 elapsed= 29.74s
  [PASS] T4_single_slotfill               hops= 8 elapsed= 23.55s
  [FAIL] T5_multi_slotfill_tight          hops= 8 elapsed= 22.73s
           - budget_summary missing
  [PASS] T6_rag_grounded                  hops= 7 elapsed= 22.75s
  [PASS] T7_rag_ungrounded                hops= 7 elapsed= 20.61s
  [FAIL] T8_domain_mix                    hops=10 elapsed= 29.44s
           - knowledge_context missing - rag agent doesn't appear to have been consulted for turn 1's question
  [FAIL] T9_multi_stress_5city            hops= 7 elapsed= 32.18s
           - agent_scratchpad has 7 entries - MAX_HOPS_PER_TURN=6 should cap this within one turn
  [PASS] T10_visa_city_phrasing           hops= 7 elapsed= 15.54s
  [PASS] T11_visa_iso_phrasing            hops= 3 elapsed=  7.91s
  [PASS] T12_weather_horizon_exceeded     hops= 7 elapsed= 14.52s
  [PASS] T13_contradiction_correction     hops=14 elapsed= 26.06s

Wrote 13 record(s) to pilot/results/tiered.json
